// Jest Snapshot v1, https://goo.gl/fbAQLP

exports[`Nullable client.ts 1`] = `
"// 
// Generated by @himenon/openapi-typescript-code-generator
// 
// OpenApi : 3.1.0
// 
// License  : MIT
// 


export namespace Schemas {
    export type member = {
        child: Schemas.child;
    };
    export type child = {
        name?: string;
    } | null;
}
export interface Parameter$getObjHasNullable {
    /** Number Book ID */
    id: number;
}
export interface Response$getObjHasNullable$Status$200 {
    \\"application/json\\": Schemas.member;
}
export type ResponseContentType$getObjHasNullable = keyof Response$getObjHasNullable$Status$200;
export interface Params$getObjHasNullable {
    parameter: Parameter$getObjHasNullable;
}
export type HttpMethod = \\"GET\\" | \\"PUT\\" | \\"POST\\" | \\"DELETE\\" | \\"OPTIONS\\" | \\"HEAD\\" | \\"PATCH\\" | \\"TRACE\\";
export interface ObjectLike {
    [key: string]: any;
}
export interface QueryParameter {
    value: any;
    style?: \\"form\\" | \\"spaceDelimited\\" | \\"pipeDelimited\\" | \\"deepObject\\";
    explode: boolean;
}
export interface QueryParameters {
    [key: string]: QueryParameter;
}
export type SuccessResponses = Response$getObjHasNullable$Status$200;
export namespace ErrorResponse {
    export type getObjHasNullable = void;
}
export interface ApiClient<RequestOption> {
    request: <T = SuccessResponses>(httpMethod: HttpMethod, url: string, headers: ObjectLike | any, requestBody: ObjectLike | any, queryParameters: QueryParameters | undefined, options?: RequestOption) => Promise<T>;
}
export class Client<RequestOption> {
    private baseUrl: string;
    constructor(private apiClient: ApiClient<RequestOption>, baseUrl: string) { this.baseUrl = baseUrl.replace(/\\\\/$/, \\"\\"); }
    public async getObjHasNullable(params: Params$getObjHasNullable, option?: RequestOption): Promise<Response$getObjHasNullable$Status$200[\\"application/json\\"]> {
        const url = this.baseUrl + \`/get/objHasNullable\`;
        const headers = {
            Accept: \\"application/json\\"
        };
        return this.apiClient.request(\\"GET\\", url, headers, undefined, undefined, option);
    }
}
"
`;
